=== API ENDPOINT TESTS ===
API Root: PASS
Therapist Registration: PASS
